2026-07-07 12:12:02 [INFO] Memulai proses unduh NDE...
2026-07-07 12:12:02 [INFO] Membuka browser...
2026-07-07 12:12:02 [DEBUG] Menggunakan browser: chrome
2026-07-07 12:12:03 [INFO] Navigasi ke halaman login NDE...
2026-07-07 12:12:05 [INFO] Menunggu form login...
2026-07-07 12:12:05 [DEBUG] Form login berhasil ditemukan.
2026-07-07 12:12:05 [INFO] Mengisi NIK/Nippos...
2026-07-07 12:12:05 [INFO] Mengisi kata sandi...
2026-07-07 12:12:05 [INFO] Mengklik tombol masuk...
2026-07-07 12:12:05 [INFO] Menunggu dashboard NDE dimuat...
2026-07-07 12:12:09 [SUCCESS] Login berhasil!
2026-07-07 12:12:12 [INFO] Menutup popup panduan pertama...
2026-07-07 12:12:13 [INFO] Menutup popup pengumuman...
2026-07-07 12:12:14 [INFO] Menghitung total surat yang akan diunduh, mohon tunggu sebentar...
2026-07-07 12:12:16 [DEBUG] Menemukan 2 section tertutup, membuka semuanya...
2026-07-07 12:12:17 [DEBUG] Semua section tertutup telah dibuka.
2026-07-07 12:12:20 [DEBUG] Klik biasa gagal (Locator.click: Timeout 3000ms exceeded.
Call log:
  - waiting for locator("div.flex.gap-2.mt-2.mb-2 button, div.flex.gap), mencoba metode alternatif...
2026-07-07 12:12:22 [DEBUG] Tombol halaman berikutnya ditemukan.
2026-07-07 12:12:25 [DEBUG] Klik biasa gagal (Locator.click: Timeout 3000ms exceeded.
Call log:
  - waiting for locator("button:has(.lucide-chevron-right)").first
   ), mencoba metode alternatif...
2026-07-07 12:12:26 [DEBUG] Tombol halaman berikutnya ditemukan.
2026-07-07 12:12:29 [DEBUG] Klik biasa gagal (Locator.click: Timeout 3000ms exceeded.
Call log:
  - waiting for locator("button:has(.lucide-chevron-right)").first
   ), mencoba metode alternatif...
2026-07-07 12:12:31 [DEBUG] Tombol halaman berikutnya ditemukan.
2026-07-07 12:12:34 [DEBUG] Klik biasa gagal (Locator.click: Timeout 3000ms exceeded.
Call log:
  - waiting for locator("button:has(.lucide-chevron-right)").first
   ), mencoba metode alternatif...
2026-07-07 12:12:36 [DEBUG] Tombol halaman berikutnya ditemukan.
2026-07-07 12:12:39 [DEBUG] Klik biasa gagal (Locator.click: Timeout 3000ms exceeded.
Call log:
  - waiting for locator("button:has(.lucide-chevron-right)").first
   ), mencoba metode alternatif...
2026-07-07 12:12:40 [DEBUG] Tombol halaman berikutnya ditemukan.
2026-07-07 12:12:43 [DEBUG] Klik biasa gagal (Locator.click: Timeout 3000ms exceeded.
Call log:
  - waiting for locator("button:has(.lucide-chevron-right)").first
   ), mencoba metode alternatif...
2026-07-07 12:12:45 [DEBUG] Tombol halaman berikutnya ditemukan.
2026-07-07 12:12:48 [DEBUG] Klik biasa gagal (Locator.click: Timeout 3000ms exceeded.
Call log:
  - waiting for locator("button:has(.lucide-chevron-right)").first
   ), mencoba metode alternatif...
2026-07-07 12:12:50 [DEBUG] Tombol halaman berikutnya ditemukan.
2026-07-07 12:12:53 [DEBUG] Klik biasa gagal (Locator.click: Timeout 3000ms exceeded.
Call log:
  - waiting for locator("button:has(.lucide-chevron-right)").first
   ), mencoba metode alternatif...
2026-07-07 12:12:54 [DEBUG] Tombol halaman berikutnya ditemukan.
2026-07-07 12:12:57 [DEBUG] Klik biasa gagal (Locator.click: Timeout 3000ms exceeded.
Call log:
  - waiting for locator("button:has(.lucide-chevron-right)").first
   ), mencoba metode alternatif...
2026-07-07 12:12:59 [DEBUG] Tombol halaman berikutnya ditemukan.
2026-07-07 12:13:02 [DEBUG] Klik biasa gagal (Locator.click: Timeout 3000ms exceeded.
Call log:
  - waiting for locator("button:has(.lucide-chevron-right)").first
   ), mencoba metode alternatif...
2026-07-07 12:13:04 [DEBUG] Tombol halaman berikutnya ditemukan.
2026-07-07 12:13:07 [DEBUG] Klik biasa gagal (Locator.click: Timeout 3000ms exceeded.
Call log:
  - waiting for locator("button:has(.lucide-chevron-right)").first
   ), mencoba metode alternatif...
2026-07-07 12:13:09 [DEBUG] Tombol halaman berikutnya ditemukan.
2026-07-07 12:13:12 [DEBUG] Klik biasa gagal (Locator.click: Timeout 3000ms exceeded.
Call log:
  - waiting for locator("button:has(.lucide-chevron-right)").first
   ), mencoba metode alternatif...
2026-07-07 12:13:13 [DEBUG] Tombol halaman berikutnya ditemukan.
2026-07-07 12:13:16 [DEBUG] Klik biasa gagal (Locator.click: Timeout 3000ms exceeded.
Call log:
  - waiting for locator("button:has(.lucide-chevron-right)").first
   ), mencoba metode alternatif...
2026-07-07 12:13:18 [DEBUG] Tombol halaman berikutnya ditemukan.
2026-07-07 12:13:21 [DEBUG] Klik biasa gagal (Locator.click: Timeout 3000ms exceeded.
Call log:
  - waiting for locator("button:has(.lucide-chevron-right)").first
   ), mencoba metode alternatif...
2026-07-07 12:13:23 [DEBUG] Tombol halaman berikutnya ditemukan.
2026-07-07 12:13:26 [DEBUG] Klik biasa gagal (Locator.click: Timeout 3000ms exceeded.
Call log:
  - waiting for locator("button svg[class*='chevron-right']").first
  ), mencoba metode alternatif...
2026-07-07 12:13:28 [WARNING] Halaman tidak berubah setelah klik Next — menghentikan paginasi.
2026-07-07 12:13:28 [DEBUG] Menu Surat Keluar: 135 surat ditemukan.
2026-07-07 12:13:30 [DEBUG] Menemukan 1 section tertutup, membuka semuanya...
2026-07-07 12:13:31 [DEBUG] Semua section tertutup telah dibuka.
2026-07-07 12:13:32 [DEBUG] Tombol halaman berikutnya ditemukan.
2026-07-07 12:13:34 [DEBUG] Tombol halaman berikutnya ditemukan.
2026-07-07 12:13:36 [DEBUG] Tombol halaman berikutnya ditemukan.
2026-07-07 12:13:37 [DEBUG] Tombol halaman berikutnya ditemukan.
2026-07-07 12:13:39 [DEBUG] Tombol halaman berikutnya ditemukan.
2026-07-07 12:13:42 [DEBUG] Klik biasa gagal (Locator.click: Timeout 3000ms exceeded.
Call log:
  - waiting for locator("button svg[class*='chevron-right']").first
  ), mencoba metode alternatif...
2026-07-07 12:13:44 [WARNING] Halaman tidak berubah setelah klik Next — menghentikan paginasi.
2026-07-07 12:13:44 [DEBUG] Menu Verifikasi: 50 surat ditemukan.
2026-07-07 12:13:44 [SUCCESS] Total surat yang akan diunduh: 185 surat.
2026-07-07 12:13:44 [INFO] --- Menu [1/2]: Surat Keluar ---
2026-07-07 12:13:44 [INFO] Membuka menu Surat Keluar...
2026-07-07 12:13:46 [DEBUG] Mengatur filter tampilan surat...
2026-07-07 12:13:47 [DEBUG] Menemukan 3 section tertutup, membuka semuanya...
2026-07-07 12:13:48 [DEBUG] Semua section tertutup telah dibuka.
2026-07-07 12:14:00 [INFO] Tidak ada daftar surat terdeteksi di menu Surat Keluar (atau daftar kosong).
2026-07-07 12:14:00 [INFO] --- Menu [2/2]: Verifikasi ---
2026-07-07 12:14:00 [INFO] Membuka menu Verifikasi...
2026-07-07 12:14:05 [DEBUG] Klik biasa gagal (Locator.click: Timeout 5000ms exceeded.
Call log:
  - waiting for get_by_text("Verifikasi", exact=True).first
    - loca), mencoba metode alternatif...
2026-07-07 12:14:07 [DEBUG] Mengatur filter tampilan surat...
2026-07-07 12:14:08 [DEBUG] Menemukan 2 section tertutup, membuka semuanya...
2026-07-07 12:14:09 [DEBUG] Semua section tertutup telah dibuka.
2026-07-07 12:14:09 [INFO] Halaman 1: 10 surat ditemukan di menu Verifikasi.
2026-07-07 12:14:09 [INFO] Memproses surat ke-1 (hal. 1, baris 1/10) — 0/185 selesai (0%)...
2026-07-07 12:14:09 [DEBUG] Membaca informasi surat dari daftar...
2026-07-07 12:14:39 [DEBUG] Klik biasa gagal (Locator.click: Timeout 30000ms exceeded.
Call log:
  - waiting for locator(".w-full.flex.justify-between").first
    - l), mencoba metode alternatif...
2026-07-07 12:14:41 [DEBUG] Membaca informasi surat dari dokumen...
2026-07-07 12:14:41 [INFO] Membuat folder: 'Verifikasi/17081KU.00.01II2026 - Permohonan Pembetulan Faktur Pajak KCU Makassar'
2026-07-07 12:14:51 [DEBUG] Klik biasa gagal (Locator.click: Timeout 10000ms exceeded.
Call log:
  - waiting for locator("button:has(.lucide-printer), button:has(svg[), mencoba metode alternatif...
2026-07-07 12:14:51 [DEBUG] Popup cetak tidak muncul: Timeout 10000ms exceeded while waiting for event "popup"
=========================== logs ===========================
waiting for event "popup"
============================================================
2026-07-07 12:14:54 [SUCCESS] HTML Surat berhasil disimpan sebagai fallback: Surat_17081KU.00.01II2026.html
2026-07-07 12:14:54 [SUCCESS] HTML Surat berhasil disimpan dari iframe fallback: Surat_17081KU.00.01II2026.html
2026-07-07 12:15:00 [DEBUG] Klik biasa gagal (Locator.click: Timeout 6000ms exceeded.
Call log:
  - waiting for locator("button:has-text('Lampiran')").first.first
   ), mencoba metode alternatif...
2026-07-07 12:15:02 [INFO] Menemukan 1 berkas lampiran. Mulai mengunduh...
2026-07-07 12:15:02 [INFO] Mengunduh lampiran [1/1]: permohonan pergantian faktur masa feb 2026 pt indocement.pdf...
2026-07-07 12:15:03 [SUCCESS] Unduh sukses: permohonan pergantian faktur masa feb 2026 pt indocement.pdf
2026-07-07 12:15:03 [INFO] Menutup detail surat...
2026-07-07 12:15:06 [SUCCESS] Surat ke-1 selesai — 1/185 (0%) berhasil diunduh.
2026-07-07 12:15:06 [INFO] Memproses surat ke-2 (hal. 1, baris 2/10) — 1/185 selesai (0%)...
2026-07-07 12:15:06 [DEBUG] Membaca informasi surat dari daftar...
2026-07-07 12:15:11 [DEBUG] Membaca informasi surat dari dokumen...
2026-07-07 12:15:11 [INFO] Membuat folder: 'Verifikasi/15026KU.01.01II2026 - Dukungan Percepatan Proposal PraNPP Tahun 2025, PA Corporate Secretary and ESG'
2026-07-07 12:15:15 [INFO] Menunggu render dokumen cetak selesai...
2026-07-07 12:15:20 [SUCCESS] PDF Surat berhasil disimpan: Surat_15026KU.01.01II2026.pdf
2026-07-07 12:15:24 [DEBUG] Surat ini tidak memiliki berkas lampiran.
2026-07-07 12:15:24 [INFO] Menutup detail surat...
2026-07-07 12:15:28 [SUCCESS] Surat ke-2 selesai — 2/185 (1%) berhasil diunduh.
2026-07-07 12:15:28 [INFO] Memproses surat ke-3 (hal. 1, baris 3/10) — 2/185 selesai (1%)...
2026-07-07 12:15:28 [DEBUG] Membaca informasi surat dari daftar...
2026-07-07 12:15:33 [DEBUG] Membaca informasi surat dari dokumen...
2026-07-07 12:15:33 [INFO] Membuat folder: 'Verifikasi/14993JK.00II2026 - Pengajuan Tambahan IO BYMHD Jaskug 2025'
2026-07-07 12:15:37 [INFO] Menunggu render dokumen cetak selesai...
2026-07-07 12:15:42 [SUCCESS] PDF Surat berhasil disimpan: Surat_14993JK.00II2026.pdf
2026-07-07 12:15:48 [DEBUG] Surat ini tidak memiliki berkas lampiran.
2026-07-07 12:15:48 [INFO] Menutup detail surat...
2026-07-07 12:15:52 [SUCCESS] Surat ke-3 selesai — 3/185 (1%) berhasil diunduh.
2026-07-07 12:15:52 [INFO] Memproses surat ke-4 (hal. 1, baris 4/10) — 3/185 selesai (1%)...
2026-07-07 12:15:52 [DEBUG] Membaca informasi surat dari daftar...
2026-07-07 12:15:56 [DEBUG] Membaca informasi surat dari dokumen...
2026-07-07 12:15:56 [WARNING] Informasi surat tidak lengkap, menyimpan catatan diagnostik.
2026-07-07 12:15:56 [DEBUG] Perihal surat diambil dari daftar: Dukungan Percepatan Proposal PraNPP Tahun 2025, PA Financial Policy, Asset and Risk Management
2026-07-07 12:15:56 [INFO] Membuat folder: 'Verifikasi/Tanpa_Nomor - Dukungan Percepatan Proposal PraNPP Tahun 2025, PA Financial Policy, Asset and Risk Management'
2026-07-07 12:16:02 [INFO] Menunggu render dokumen cetak selesai...
2026-07-07 12:16:07 [SUCCESS] PDF Surat berhasil disimpan: Surat_Tanpa_Nomor.pdf
2026-07-07 12:16:11 [INFO] Menemukan 1 berkas lampiran. Mulai mengunduh...
2026-07-07 12:16:11 [INFO] Mengunduh lampiran [1/1]: PROPOSAL ASET.xlsx...
2026-07-07 12:16:11 [SUCCESS] Unduh sukses: PROPOSAL ASET.xlsx
2026-07-07 12:16:11 [INFO] Menutup detail surat...
2026-07-07 12:16:14 [SUCCESS] Surat ke-4 selesai — 4/185 (2%) berhasil diunduh.
2026-07-07 12:16:14 [INFO] Memproses surat ke-5 (hal. 1, baris 5/10) — 4/185 selesai (2%)...
2026-07-07 12:16:14 [DEBUG] Membaca informasi surat dari daftar...
2026-07-07 12:16:19 [DEBUG] Membaca informasi surat dari dokumen...
2026-07-07 12:16:19 [WARNING] Informasi surat tidak lengkap, menyimpan catatan diagnostik.
2026-07-07 12:16:19 [DEBUG] Perihal surat diambil dari daftar: Dukungan Percepatan Proposal PraNPP Tahun 2025, PA Consumer Business
2026-07-07 12:16:19 [INFO] Membuat folder: 'Verifikasi/Tanpa_Nomor - Dukungan Percepatan Proposal PraNPP Tahun 2025, PA Consumer Business'
2026-07-07 12:16:24 [INFO] Menunggu render dokumen cetak selesai...
2026-07-07 12:16:29 [SUCCESS] PDF Surat berhasil disimpan: Surat_Tanpa_Nomor.pdf
2026-07-07 12:16:34 [DEBUG] Surat ini tidak memiliki berkas lampiran.
2026-07-07 12:16:34 [INFO] Menutup detail surat...
2026-07-07 12:16:37 [SUCCESS] Surat ke-5 selesai — 5/185 (2%) berhasil diunduh.
2026-07-07 12:16:37 [INFO] Memproses surat ke-6 (hal. 1, baris 6/10) — 5/185 selesai (2%)...
2026-07-07 12:16:37 [DEBUG] Membaca informasi surat dari daftar...
2026-07-07 12:16:42 [DEBUG] Membaca informasi surat dari dokumen...
2026-07-07 12:16:42 [INFO] Membuat folder: 'Verifikasi/108768KU.01.01XII2025 - Peneguhan Revisi Vendor Template SAP No NPP 6200016167'
2026-07-07 12:16:46 [INFO] Menunggu render dokumen cetak selesai...
2026-07-07 12:16:51 [SUCCESS] PDF Surat berhasil disimpan: Surat_108768KU.01.01XII2025.pdf
2026-07-07 12:16:55 [DEBUG] Surat ini tidak memiliki berkas lampiran.
2026-07-07 12:16:55 [INFO] Menutup detail surat...
2026-07-07 12:16:59 [SUCCESS] Surat ke-6 selesai — 6/185 (3%) berhasil diunduh.
2026-07-07 12:16:59 [INFO] Memproses surat ke-7 (hal. 1, baris 7/10) — 6/185 selesai (3%)...
2026-07-07 12:16:59 [DEBUG] Membaca informasi surat dari daftar...
2026-07-07 12:17:04 [DEBUG] Membaca informasi surat dari dokumen...
2026-07-07 12:17:04 [WARNING] Informasi surat tidak lengkap, menyimpan catatan diagnostik.
2026-07-07 12:17:04 [DEBUG] Perihal surat diambil dari daftar: Evaluasi Implementasi Pelimpahan Virtual Account KC Palopo
2026-07-07 12:17:04 [INFO] Membuat folder: 'Verifikasi/Tanpa_Nomor - Evaluasi Implementasi Pelimpahan Virtual Account KC Palopo'
2026-07-07 12:17:10 [INFO] Menunggu render dokumen cetak selesai...
2026-07-07 12:17:15 [SUCCESS] PDF Surat berhasil disimpan: Surat_Tanpa_Nomor.pdf
2026-07-07 12:17:21 [DEBUG] Surat ini tidak memiliki berkas lampiran.
2026-07-07 12:17:21 [INFO] Menutup detail surat...
2026-07-07 12:17:25 [SUCCESS] Surat ke-7 selesai — 7/185 (3%) berhasil diunduh.
2026-07-07 12:17:25 [INFO] Memproses surat ke-8 (hal. 1, baris 8/10) — 7/185 selesai (3%)...
2026-07-07 12:17:25 [DEBUG] Membaca informasi surat dari daftar...
2026-07-07 12:17:30 [DEBUG] Membaca informasi surat dari dokumen...
2026-07-07 12:17:30 [WARNING] Informasi surat tidak lengkap, menyimpan catatan diagnostik.
2026-07-07 12:17:30 [DEBUG] Perihal surat diambil dari daftar: Evaluasi Implementasi Pelimpahan Virtual Account KCU Palangkaraya
2026-07-07 12:17:30 [INFO] Membuat folder: 'Verifikasi/Tanpa_Nomor - Evaluasi Implementasi Pelimpahan Virtual Account KCU Palangkaraya'
2026-07-07 12:17:34 [INFO] Menunggu render dokumen cetak selesai...
2026-07-07 12:17:39 [SUCCESS] PDF Surat berhasil disimpan: Surat_Tanpa_Nomor.pdf
2026-07-07 12:17:44 [DEBUG] Surat ini tidak memiliki berkas lampiran.
2026-07-07 12:17:44 [INFO] Menutup detail surat...
2026-07-07 12:17:48 [SUCCESS] Surat ke-8 selesai — 8/185 (4%) berhasil diunduh.
2026-07-07 12:17:48 [INFO] Memproses surat ke-9 (hal. 1, baris 9/10) — 8/185 selesai (4%)...
2026-07-07 12:17:48 [DEBUG] Membaca informasi surat dari daftar...
2026-07-07 12:17:53 [DEBUG] Membaca informasi surat dari dokumen...
2026-07-07 12:17:53 [INFO] Membuat folder: 'Verifikasi/82556KU.00.00X2025 - Evaluasi Implementasi Pelimpahan Virtual Account KC Bontang'
2026-07-07 12:17:57 [INFO] Menunggu render dokumen cetak selesai...
2026-07-07 12:18:02 [SUCCESS] PDF Surat berhasil disimpan: Surat_82556KU.00.00X2025.pdf
2026-07-07 12:18:06 [DEBUG] Surat ini tidak memiliki berkas lampiran.
2026-07-07 12:18:06 [INFO] Menutup detail surat...
2026-07-07 12:18:09 [SUCCESS] Surat ke-9 selesai — 9/185 (4%) berhasil diunduh.
2026-07-07 12:18:09 [INFO] Memproses surat ke-10 (hal. 1, baris 10/10) — 9/185 selesai (4%)...
2026-07-07 12:18:09 [DEBUG] Membaca informasi surat dari daftar...
2026-07-07 12:18:14 [DEBUG] Membaca informasi surat dari dokumen...
2026-07-07 12:18:14 [INFO] Membuat folder: 'Verifikasi/82555KU.00.00X2025 - Evaluasi Implementasi Pelimpahan Virtual Account KC Samarinda'
2026-07-07 12:18:19 [INFO] Menunggu render dokumen cetak selesai...
2026-07-07 12:18:23 [SUCCESS] PDF Surat berhasil disimpan: Surat_82555KU.00.00X2025.pdf
2026-07-07 12:18:28 [DEBUG] Surat ini tidak memiliki berkas lampiran.
2026-07-07 12:18:28 [INFO] Menutup detail surat...
2026-07-07 12:18:31 [SUCCESS] Surat ke-10 selesai — 10/185 (5%) berhasil diunduh.
2026-07-07 12:18:31 [DEBUG] Tombol halaman berikutnya ditemukan.
2026-07-07 12:18:31 [INFO] Melanjutkan ke halaman 2...
2026-07-07 12:18:38 [INFO] Halaman 2: 10 surat ditemukan di menu Verifikasi.
2026-07-07 12:18:38 [INFO] Memproses surat ke-11 (hal. 2, baris 1/10) — 10/185 selesai (5%)...
2026-07-07 12:18:38 [DEBUG] Membaca informasi surat dari daftar...
2026-07-07 12:18:43 [DEBUG] Membaca informasi surat dari dokumen...
2026-07-07 12:18:43 [INFO] Membuat folder: 'Verifikasi/82554KU.00.00X2025 - Evaluasi Implementasi Pelimpahan Virtual Account KC Tanjungselor'
2026-07-07 12:18:47 [INFO] Menunggu render dokumen cetak selesai...
2026-07-07 12:18:52 [SUCCESS] PDF Surat berhasil disimpan: Surat_82554KU.00.00X2025.pdf
2026-07-07 12:18:57 [DEBUG] Surat ini tidak memiliki berkas lampiran.
2026-07-07 12:18:57 [INFO] Menutup detail surat...
2026-07-07 12:19:00 [SUCCESS] Surat ke-11 selesai — 11/185 (5%) berhasil diunduh.
2026-07-07 12:19:00 [INFO] Memproses surat ke-12 (hal. 2, baris 2/10) — 11/185 selesai (5%)...
2026-07-07 12:19:00 [DEBUG] Membaca informasi surat dari daftar...
2026-07-07 12:19:05 [DEBUG] Membaca informasi surat dari dokumen...
2026-07-07 12:19:05 [WARNING] Informasi surat tidak lengkap, menyimpan catatan diagnostik.
2026-07-07 12:19:05 [DEBUG] Perihal surat diambil dari daftar: Evaluasi Implementasi Pelimpahan Virtual Account KC Tenggarong
2026-07-07 12:19:05 [INFO] Membuat folder: 'Verifikasi/Tanpa_Nomor - Evaluasi Implementasi Pelimpahan Virtual Account KC Tenggarong'
2026-07-07 12:19:09 [INFO] Menunggu render dokumen cetak selesai...
2026-07-07 12:19:14 [SUCCESS] PDF Surat berhasil disimpan: Surat_Tanpa_Nomor.pdf
2026-07-07 12:19:18 [DEBUG] Surat ini tidak memiliki berkas lampiran.
2026-07-07 12:19:18 [INFO] Menutup detail surat...
2026-07-07 12:19:22 [SUCCESS] Surat ke-12 selesai — 12/185 (6%) berhasil diunduh.
2026-07-07 12:19:22 [INFO] Memproses surat ke-13 (hal. 2, baris 3/10) — 12/185 selesai (6%)...
2026-07-07 12:19:22 [DEBUG] Membaca informasi surat dari daftar...
2026-07-07 12:19:27 [DEBUG] Membaca informasi surat dari dokumen...
2026-07-07 12:19:27 [INFO] Membuat folder: 'Verifikasi/82552KU.00.00X2025 - Evaluasi Implementasi Pelimpahan Virtual Account KCU Balikpapan'
2026-07-07 12:19:31 [INFO] Menunggu render dokumen cetak selesai...
2026-07-07 12:19:36 [SUCCESS] PDF Surat berhasil disimpan: Surat_82552KU.00.00X2025.pdf
2026-07-07 12:19:40 [DEBUG] Surat ini tidak memiliki berkas lampiran.
2026-07-07 12:19:40 [INFO] Menutup detail surat...
2026-07-07 12:19:44 [SUCCESS] Surat ke-13 selesai — 13/185 (7%) berhasil diunduh.
2026-07-07 12:19:44 [INFO] Memproses surat ke-14 (hal. 2, baris 4/10) — 13/185 selesai (7%)...
2026-07-07 12:19:44 [DEBUG] Membaca informasi surat dari daftar...
2026-07-07 12:19:49 [DEBUG] Membaca informasi surat dari dokumen...
2026-07-07 12:19:49 [INFO] Membuat folder: 'Verifikasi/82551KU.00.00X2025 - Evaluasi Implementasi Pelimpahan Virtual Account KC Tanjungredeb'
2026-07-07 12:19:53 [INFO] Menunggu render dokumen cetak selesai...
2026-07-07 12:19:58 [SUCCESS] PDF Surat berhasil disimpan: Surat_82551KU.00.00X2025.pdf
2026-07-07 12:20:02 [DEBUG] Surat ini tidak memiliki berkas lampiran.
2026-07-07 12:20:02 [INFO] Menutup detail surat...
2026-07-07 12:20:06 [SUCCESS] Surat ke-14 selesai — 14/185 (7%) berhasil diunduh.
2026-07-07 12:20:06 [INFO] Memproses surat ke-15 (hal. 2, baris 5/10) — 14/185 selesai (7%)...
2026-07-07 12:20:06 [DEBUG] Membaca informasi surat dari daftar...
2026-07-07 12:20:11 [DEBUG] Membaca informasi surat dari dokumen...
2026-07-07 12:20:11 [INFO] Membuat folder: 'Verifikasi/82550KU.00.00X2025 - Evaluasi Implementasi Pelimpahan Virtual Account KC Sanggau'
2026-07-07 12:20:15 [INFO] Menunggu render dokumen cetak selesai...
2026-07-07 12:20:20 [SUCCESS] PDF Surat berhasil disimpan: Surat_82550KU.00.00X2025.pdf
2026-07-07 12:20:26 [DEBUG] Surat ini tidak memiliki berkas lampiran.
2026-07-07 12:20:26 [INFO] Menutup detail surat...
2026-07-07 12:20:29 [SUCCESS] Surat ke-15 selesai — 15/185 (8%) berhasil diunduh.
2026-07-07 12:20:29 [INFO] Memproses surat ke-16 (hal. 2, baris 6/10) — 15/185 selesai (8%)...
2026-07-07 12:20:29 [DEBUG] Membaca informasi surat dari daftar...
2026-07-07 12:20:34 [DEBUG] Membaca informasi surat dari dokumen...
2026-07-07 12:20:34 [INFO] Membuat folder: 'Verifikasi/82549KU.00.00X2025 - Evaluasi Implementasi Pelimpahan Virtual Account KC Sintang'
2026-07-07 12:20:39 [INFO] Menunggu render dokumen cetak selesai...
2026-07-07 12:20:43 [SUCCESS] PDF Surat berhasil disimpan: Surat_82549KU.00.00X2025.pdf
2026-07-07 12:20:50 [DEBUG] Surat ini tidak memiliki berkas lampiran.
2026-07-07 12:20:50 [INFO] Menutup detail surat...
2026-07-07 12:20:53 [SUCCESS] Surat ke-16 selesai — 16/185 (8%) berhasil diunduh.
2026-07-07 12:20:53 [INFO] Memproses surat ke-17 (hal. 2, baris 7/10) — 16/185 selesai (8%)...
2026-07-07 12:20:53 [DEBUG] Membaca informasi surat dari daftar...
2026-07-07 12:20:59 [DEBUG] Membaca informasi surat dari dokumen...
2026-07-07 12:20:59 [INFO] Membuat folder: 'Verifikasi/82548KU.00.00X2025 - Evaluasi Implementasi Pelimpahan Virtual Account KC Tarakan'
2026-07-07 12:21:03 [INFO] Menunggu render dokumen cetak selesai...
2026-07-07 12:21:08 [SUCCESS] PDF Surat berhasil disimpan: Surat_82548KU.00.00X2025.pdf
2026-07-07 12:21:15 [DEBUG] Surat ini tidak memiliki berkas lampiran.
2026-07-07 12:21:15 [INFO] Menutup detail surat...
2026-07-07 12:21:18 [SUCCESS] Surat ke-17 selesai — 17/185 (9%) berhasil diunduh.
2026-07-07 12:21:18 [INFO] Memproses surat ke-18 (hal. 2, baris 8/10) — 17/185 selesai (9%)...
2026-07-07 12:21:18 [DEBUG] Membaca informasi surat dari daftar...
2026-07-07 12:21:25 [DEBUG] Membaca informasi surat dari dokumen...
2026-07-07 12:21:25 [WARNING] Informasi surat tidak lengkap, menyimpan catatan diagnostik.
2026-07-07 12:21:25 [DEBUG] Perihal surat diambil dari daftar: Evaluasi Implementasi Pelimpahan Virtual Account KCU Pontianak
2026-07-07 12:21:25 [INFO] Membuat folder: 'Verifikasi/Tanpa_Nomor - Evaluasi Implementasi Pelimpahan Virtual Account KCU Pontianak'
2026-07-07 12:21:30 [INFO] Menunggu render dokumen cetak selesai...
2026-07-07 12:21:35 [SUCCESS] PDF Surat berhasil disimpan: Surat_Tanpa_Nomor.pdf
2026-07-07 12:21:42 [DEBUG] Surat ini tidak memiliki berkas lampiran.
2026-07-07 12:21:42 [INFO] Menutup detail surat...
2026-07-07 12:21:45 [SUCCESS] Surat ke-18 selesai — 18/185 (9%) berhasil diunduh.
2026-07-07 12:21:45 [INFO] Memproses surat ke-19 (hal. 2, baris 9/10) — 18/185 selesai (9%)...
2026-07-07 12:21:45 [DEBUG] Membaca informasi surat dari daftar...
2026-07-07 12:21:50 [DEBUG] Membaca informasi surat dari dokumen...
2026-07-07 12:21:50 [INFO] Membuat folder: 'Verifikasi/82546KU.00.00X2025 - Evaluasi Implementasi Pelimpahan Virtual Account KC Ketapang'
2026-07-07 12:21:54 [INFO] Menunggu render dokumen cetak selesai...
2026-07-07 12:21:59 [SUCCESS] PDF Surat berhasil disimpan: Surat_82546KU.00.00X2025.pdf
2026-07-07 12:22:05 [DEBUG] Surat ini tidak memiliki berkas lampiran.
2026-07-07 12:22:05 [INFO] Menutup detail surat...
2026-07-07 12:22:09 [SUCCESS] Surat ke-19 selesai — 19/185 (10%) berhasil diunduh.
2026-07-07 12:22:09 [INFO] Memproses surat ke-20 (hal. 2, baris 10/10) — 19/185 selesai (10%)...
2026-07-07 12:22:09 [DEBUG] Membaca informasi surat dari daftar...
2026-07-07 12:22:14 [DEBUG] Membaca informasi surat dari dokumen...
2026-07-07 12:22:14 [WARNING] Informasi surat tidak lengkap, menyimpan catatan diagnostik.
2026-07-07 12:22:14 [DEBUG] Perihal surat diambil dari daftar: Evaluasi Implementasi Pelimpahan Virtual Account KC Singkawang
2026-07-07 12:22:14 [INFO] Membuat folder: 'Verifikasi/Tanpa_Nomor - Evaluasi Implementasi Pelimpahan Virtual Account KC Singkawang'
2026-07-07 12:22:18 [INFO] Menunggu render dokumen cetak selesai...
2026-07-07 12:22:23 [SUCCESS] PDF Surat berhasil disimpan: Surat_Tanpa_Nomor.pdf
2026-07-07 12:22:29 [DEBUG] Surat ini tidak memiliki berkas lampiran.
2026-07-07 12:22:29 [INFO] Menutup detail surat...
2026-07-07 12:22:33 [SUCCESS] Surat ke-20 selesai — 20/185 (10%) berhasil diunduh.
2026-07-07 12:22:33 [DEBUG] Tombol halaman berikutnya ditemukan.
2026-07-07 12:22:33 [INFO] Melanjutkan ke halaman 3...
2026-07-07 12:22:40 [INFO] Halaman 3: 10 surat ditemukan di menu Verifikasi.
2026-07-07 12:22:40 [INFO] Memproses surat ke-21 (hal. 3, baris 1/10) — 20/185 selesai (10%)...
2026-07-07 12:22:40 [DEBUG] Membaca informasi surat dari daftar...
2026-07-07 12:22:45 [DEBUG] Membaca informasi surat dari dokumen...
2026-07-07 12:22:45 [INFO] Membuat folder: 'Verifikasi/82544KU.00.00X2025 - Evaluasi Implementasi Pelimpahan Virtual Account KC Pangkalanbun'
2026-07-07 12:22:49 [INFO] Menunggu render dokumen cetak selesai...
2026-07-07 12:22:54 [SUCCESS] PDF Surat berhasil disimpan: Surat_82544KU.00.00X2025.pdf
2026-07-07 12:22:59 [DEBUG] Surat ini tidak memiliki berkas lampiran.
2026-07-07 12:22:59 [INFO] Menutup detail surat...
2026-07-07 12:23:03 [SUCCESS] Surat ke-21 selesai — 21/185 (11%) berhasil diunduh.
2026-07-07 12:23:03 [INFO] Memproses surat ke-22 (hal. 3, baris 2/10) — 21/185 selesai (11%)...
2026-07-07 12:23:03 [DEBUG] Membaca informasi surat dari daftar...
2026-07-07 12:23:08 [DEBUG] Membaca informasi surat dari dokumen...
2026-07-07 12:23:08 [INFO] Membuat folder: 'Verifikasi/82543KU.00.00X2025 - Evaluasi Implementasi Pelimpahan Virtual Account KC Buntok'
2026-07-07 12:23:12 [INFO] Menunggu render dokumen cetak selesai...
2026-07-07 12:23:17 [SUCCESS] PDF Surat berhasil disimpan: Surat_82543KU.00.00X2025.pdf
2026-07-07 12:23:23 [DEBUG] Surat ini tidak memiliki berkas lampiran.
2026-07-07 12:23:23 [INFO] Menutup detail surat...
2026-07-07 12:23:27 [SUCCESS] Surat ke-22 selesai — 22/185 (11%) berhasil diunduh.
2026-07-07 12:23:27 [INFO] Memproses surat ke-23 (hal. 3, baris 3/10) — 22/185 selesai (11%)...
2026-07-07 12:23:27 [DEBUG] Membaca informasi surat dari daftar...
2026-07-07 12:23:32 [DEBUG] Membaca informasi surat dari dokumen...
2026-07-07 12:23:32 [INFO] Membuat folder: 'Verifikasi/82542KU.00.00X2025 - Evaluasi Implementasi Pelimpahan Virtual Account KC Amuntai'
2026-07-07 12:23:36 [INFO] Menunggu render dokumen cetak selesai...
2026-07-07 12:23:41 [SUCCESS] PDF Surat berhasil disimpan: Surat_82542KU.00.00X2025.pdf
2026-07-07 12:23:47 [DEBUG] Surat ini tidak memiliki berkas lampiran.
2026-07-07 12:23:47 [INFO] Menutup detail surat...
2026-07-07 12:23:51 [SUCCESS] Surat ke-23 selesai — 23/185 (12%) berhasil diunduh.
2026-07-07 12:23:51 [INFO] Memproses surat ke-24 (hal. 3, baris 4/10) — 23/185 selesai (12%)...
2026-07-07 12:23:51 [DEBUG] Membaca informasi surat dari daftar...
2026-07-07 12:23:56 [DEBUG] Membaca informasi surat dari dokumen...
2026-07-07 12:23:56 [WARNING] Informasi surat tidak lengkap, menyimpan catatan diagnostik.
2026-07-07 12:23:56 [DEBUG] Perihal surat diambil dari daftar: Evaluasi Implementasi Pelimpahan Virtual Account KC Batulicin
2026-07-07 12:23:56 [INFO] Membuat folder: 'Verifikasi/Tanpa_Nomor - Evaluasi Implementasi Pelimpahan Virtual Account KC Batulicin'
2026-07-07 12:24:00 [INFO] Menunggu render dokumen cetak selesai...
2026-07-07 12:24:03 [WARNING] Mengirim sinyal pembatalan ke pengunduh...
2026-07-07 12:24:05 [SUCCESS] PDF Surat berhasil disimpan: Surat_Tanpa_Nomor.pdf
